// Jest Snapshot v1, https://goo.gl/fbAQLP

exports[`list updateGeneratedList should match snapshot 1`] = `
[
  [
    true,
    "Baguette",
    "250g",
  ],
  [
    false,
    "Pain",
    "500g",
  ],
  [
    false,
    "Saucisson",
    "100g",
  ],
  [
    false,
    "Yaourt",
    "1l",
  ],
  [
    false,
    "Å’ufs",
    "12",
  ],
  [
    "",
    "",
    "",
  ],
]
`;
